// Jest Snapshot v1, https://goo.gl/fbAQLP

exports[`Header Header Tree 1`] = `
<div
  className="heading"
/>
`;
